Microchip MPLAB XC8 Compiler V2.36

Linker command line:

-W-3 --edf=C:\Program Files\Microchip\xc8\v2.36\pic\dat\en_msgs.txt -cn \
  -h+dist/default/production\RobotProject.X.production.sym \
  --cmf=dist/default/production\RobotProject.X.production.cmf -z -Q18F2221 \
  -oC:\Users\eia22fc\AppData\Local\Temp\xcAs9oc.5 --defsym=__MPLAB_BUILD=1 \
  -Mdist/default/production/RobotProject.X.production.map \
  --md=C:\Users\eia22fc\AppData\Local\Temp\xcAs9oc.dat -E1 \
  -ver=XC8 Compiler --acfsm=1493 -ACODE=00h-0FFFh -ACONST=00h-0FFFh \
  -ASMALLCONST=0200h-02FFhx14 -AMEDIUMCONST=0200h-0FFFh -ACOMRAM=01h-07Fh \
  -AABS1=00h-01FFh -ABIGRAM=01h-01FFh -ARAM=080h-0FFh,0100h-01FFh \
  -ABANK0=080h-0FFh -ABANK1=0100h-01FFh -ASFR=0F80h-0FFFh \
  -ABIGSFR=0F80h-0FFFh -ACONFIG=0300000h-030000Dh -AIDLOC=0200000h-0200007h \
  -AEEDATA=0F00000h-0F000FFh -peeprom_data=EEDATA \
  -preset_vec=00h,intcode,intcodelo,powerup,init -pramtop=0200h \
  -psmallconst=SMALLCONST -pmediumconst=MEDIUMCONST -pconst=CONST \
  -AFARRAM=00h-00h \
  -prdata=COMRAM,nvrram=COMRAM,nvbit=COMRAM,rbss=COMRAM,rbit=COMRAM \
  -pfarbss=FARRAM,fardata=FARRAM,nvFARRAM=FARRAM \
  -pintsave_regs=BIGRAM,bigbss=BIGRAM,bigdata=BIGRAM -pbss=RAM \
  -pidata=CODE,irdata=CODE,ibigdata=CODE,ifardata=CODE -prparam=COMRAM \
  C:\Users\eia22fc\AppData\Local\Temp\xcAs9oc.o \
  dist/default/production\RobotProject.X.production.o 

Object code version is 3.11

Machine type is 18F2221



                Name                               Link     Load   Length Selector   Space Scale
C:\Users\eia22fc\AppData\Local\Temp\xcAs9oc.o
                config                           300000   300000        8        0       4
                init                                  0        0        4        0       0
dist/default/production\RobotProject.X.production.o
                config                           300000   300000        8        0       4
                text7                               DF6      DF6       5A      6FB       0
                text6                               E50      E50       7A      728       0
                text5                               D6A      D6A       26      6B5       0
                text4                               D90      D90       26      6C8       0
                text3                               DB6      DB6       40      6DB       0
                text2                               D20      D20       16      690       0
                text1                               D36      D36       16      69B       0
                text0                               ECA      ECA      136      765       0
                cstackCOMRAM                          1        1        9        1       1
                dataCOMRAM                            A        A        2        1       1
                cinit                               D4C      D4C       1E      6A6       0
                idataCOMRAM                         D1E      D1E        2      D1E       0

TOTAL           Name                               Link     Load   Length     Space
        CLASS   CODE           
                init                                  0        0        4         0
                text7                               DF6      DF6       5A         0
                text6                               E50      E50       7A         0
                text5                               D6A      D6A       26         0
                text4                               D90      D90       26         0
                text3                               DB6      DB6       40         0
                text2                               D20      D20       16         0
                text1                               D36      D36       16         0
                text0                               ECA      ECA      136         0
                cinit                               D4C      D4C       1E         0
                idataCOMRAM                         D1E      D1E        2         0

        CLASS   CONST          

        CLASS   SMALLCONST     

        CLASS   MEDIUMCONST    

        CLASS   COMRAM         
                cstackCOMRAM                          1        1        9         1
                dataCOMRAM                            A        A        2         1

        CLASS   ABS1           

        CLASS   BIGRAM         

        CLASS   RAM            

        CLASS   BANK0          

        CLASS   BANK1          

        CLASS   SFR            

        CLASS   BIGSFR         

        CLASS   CONFIG         
                config                           300000   300000        8         4

        CLASS   IDLOC          

        CLASS   EEDATA         

        CLASS   FARRAM         

        CLASS   HEAP           

        CLASS   STACK          



SEGMENTS        Name                           Load    Length   Top    Selector   Space  Class

                reset_vec                      000000  000004  000004         0       0  CODE    
                cstackCOMRAM                   000001  00000B  00000C         1       1  COMRAM  
                idataCOMRAM                    000D1E  000002  000D20       D1E       0  CODE    
                text2                          000D20  000016  000D36       690       0  CODE    
                text1                          000D36  000016  000D4C       69B       0  CODE    
                cinit                          000D4C  00001E  000D6A       6A6       0  CODE    
                text5                          000D6A  000026  000D90       6B5       0  CODE    
                text4                          000D90  000026  000DB6       6C8       0  CODE    
                text3                          000DB6  000040  000DF6       6DB       0  CODE    
                text7                          000DF6  00005A  000E50       6FB       0  CODE    
                text6                          000E50  00007A  000ECA       728       0  CODE    
                text0                          000ECA  000136  001000       765       0  CODE    


UNUSED ADDRESS RANGES

        Name                Unused          Largest block    Delta
        BANK0            000080-0000FF               80
        BANK1            000100-0001FF              100
        BIGRAM           00000C-0001FF              1F4
        BIGSFR           000F80-000FFF               80
        CODE             000004-000D1D              D1A
        COMRAM           00000C-00007F               74
        CONFIG           300008-30000D                6
        CONST            000004-000D1D              D1A
        EEDATA           F00000-F000FF              100
        IDLOC            200000-200007                8
        MEDIUMCONST      000200-000D1D              B1E
        RAM              000080-0001FF               80
        SFR              000F80-000FFF               80
        SMALLCONST       000200-000D1D              100

                                  Symbol Table

?_readleftADC            cstackCOMRAM 000001
?_readrightADC           cstackCOMRAM 000001
_ADCON0                  (abs)        000FC2
_ADCON0bits              (abs)        000FC2
_ADCON1                  (abs)        000FC1
_ADCON2                  (abs)        000FC0
_ADRESH                  (abs)        000FC4
_ADRESL                  (abs)        000FC3
_CCP1CON                 (abs)        000FBD
_CCP2CON                 (abs)        000FBA
_CCPR1L                  (abs)        000FBE
_CCPR2L                  (abs)        000FBB
_LATAbits                (abs)        000F89
_LATB                    (abs)        000F8A
_LATBbits                (abs)        000F8A
_PORTAbits               (abs)        000F80
_PR2                     (abs)        000FCB
_T2CON                   (abs)        000FCA
_TRISAbits               (abs)        000F92
_TRISB                   (abs)        000F93
_TRISBbits               (abs)        000F93
_TRISCbits               (abs)        000F94
__HRAM                   (abs)        000000
__Habs1                  abs1         000000
__Hbank0                 bank0        000000
__Hbank1                 bank1        000000
__Hbigbss                bigbss       000000
__Hbigdata               bigdata      000000
__Hbigram                bigram       000000
__Hbigsfr                bigsfr       000000
__Hbss                   bss          000000
__Hcinit                 cinit        000000
__Hclrtext               clrtext      000000
__Hcomram                comram       000000
__Hconfig                config       300008
__Hconst                 const        000000
__HcstackCOMRAM          cstackCOMRAM 000000
__Hdata                  data         000000
__HdataCOMRAM            dataCOMRAM   000000
__Heeprom_data           eeprom_data  000000
__Hfarbss                farbss       000000
__Hfardata               fardata      000000
__Hheap                  heap         000000
__Hibigdata              ibigdata     000000
__Hidata                 idata        000000
__HidataCOMRAM           idataCOMRAM  000000
__Hidloc                 idloc        000000
__Hifardata              ifardata     000000
__Hinit                  init         000004
__Hintcode               intcode      000000
__Hintcode_body          intcode_body 000000
__Hintcodelo             intcodelo    000000
__Hintentry              intentry     000000
__Hintret                intret       000000
__Hintsave_regs          intsave_regs 000000
__Hirdata                irdata       000000
__Hmediumconst           mediumconst  000000
__HnvFARRAM              nvFARRAM     000000
__Hnvbit                 nvbit        000000
__Hnvrram                nvrram       000000
__Hparam                 rparam       000000
__Hpowerup               powerup      000000
__Hram                   ram          000000
__Hramtop                ramtop       000200
__Hrbit                  rbit         000000
__Hrbss                  rbss         000000
__Hrdata                 rdata        000000
__Hreset_vec             reset_vec    000000
__Hrparam                rparam       000000
__Hsfr                   sfr          000000
__Hsmallconst            smallconst   000000
__Hspace_0               (abs)        001000
__Hspace_1               (abs)        00000C
__Hspace_2               (abs)        000000
__Hspace_4               (abs)        600008
__Hstack                 stack        000000
__Hstruct                struct       000000
__Htemp                  temp         000000
__Htext                  text         000000
__Htext0                 text0        000000
__Htext1                 text1        000000
__Htext2                 text2        000000
__Htext3                 text3        000000
__Htext4                 text4        000000
__Htext5                 text5        000000
__Htext6                 text6        000000
__Htext7                 text7        000000
__LRAM                   (abs)        000001
__Labs1                  abs1         000000
__Lbank0                 bank0        000000
__Lbank1                 bank1        000000
__Lbigbss                bigbss       000000
__Lbigdata               bigdata      000000
__Lbigram                bigram       000000
__Lbigsfr                bigsfr       000000
__Lbss                   bss          000000
__Lcinit                 cinit        000000
__Lclrtext               clrtext      000000
__Lcomram                comram       000000
__Lconfig                config       000000
__Lconst                 const        000000
__LcstackCOMRAM          cstackCOMRAM 000000
__Ldata                  data         000000
__LdataCOMRAM            dataCOMRAM   000000
__Leeprom_data           eeprom_data  000000
__Lfarbss                farbss       000000
__Lfardata               fardata      000000
__Lheap                  heap         000000
__Libigdata              ibigdata     000000
__Lidata                 idata        000000
__LidataCOMRAM           idataCOMRAM  000000
__Lidloc                 idloc        000000
__Lifardata              ifardata     000000
__Linit                  init         000000
__Lintcode               intcode      000000
__Lintcode_body          intcode_body 000000
__Lintcodelo             intcodelo    000000
__Lintentry              intentry     000000
__Lintret                intret       000000
__Lintsave_regs          intsave_regs 000000
__Lirdata                irdata       000000
__Lmediumconst           mediumconst  000000
__LnvFARRAM              nvFARRAM     000000
__Lnvbit                 nvbit        000000
__Lnvrram                nvrram       000000
__Lparam                 rparam       000000
__Lpowerup               powerup      000000
__Lram                   ram          000000
__Lramtop                ramtop       000200
__Lrbit                  rbit         000000
__Lrbss                  rbss         000000
__Lrdata                 rdata        000000
__Lreset_vec             reset_vec    000000
__Lrparam                rparam       000000
__Lsfr                   sfr          000000
__Lsmallconst            smallconst   000000
__Lspace_0               (abs)        000000
__Lspace_1               (abs)        000000
__Lspace_2               (abs)        000000
__Lspace_4               (abs)        000000
__Lstack                 stack        000000
__Lstruct                struct       000000
__Ltemp                  temp         000000
__Ltext                  text         000000
__Ltext0                 text0        000000
__Ltext1                 text1        000000
__Ltext2                 text2        000000
__Ltext3                 text3        000000
__Ltext4                 text4        000000
__Ltext5                 text5        000000
__Ltext6                 text6        000000
__Ltext7                 text7        000000
__S0                     (abs)        001000
__S1                     (abs)        00000C
__S4                     (abs)        000000
__S5                     (abs)        000000
___heap_hi               (abs)        000000
___heap_lo               (abs)        000000
___inthi_sp              stack        000000
___intlo_sp              stack        000000
___param_bank            (abs)        000000
___rparam_used           (abs)        000001
___sp                    stack        000000
__accesstop              (abs)        000080
__activetblptr           (abs)        000000
__end_of__initialization cinit        000D64
__end_of_acc             text7        000E50
__end_of_facebeacon      text6        000ECA
__end_of_main            text0        001000
__end_of_readleftADC     text5        000D90
__end_of_readrightADC    text4        000DB6
__end_of_turnleft90      text2        000D36
__end_of_turnright90     text1        000D4C
__end_of_wait10ms        text3        000DF6
__initialization         cinit        000D4C
__mediumconst            mediumconst  000000
__pcinit                 cinit        000D4C
__pcstackCOMRAM          cstackCOMRAM 000001
__pdataCOMRAM            dataCOMRAM   00000A
__pidataCOMRAM           idataCOMRAM  000D1E
__ptext0                 text0        000ECA
__ptext1                 text1        000D36
__ptext2                 text2        000D20
__ptext3                 text3        000DB6
__ptext4                 text4        000D90
__ptext5                 text5        000D6A
__ptext6                 text6        000E50
__ptext7                 text7        000DF6
__ramtop                 ramtop       000200
__smallconst             smallconst   000000
_acc                     text7        000DF6
_facebeacon              text6        000E50
_main                    text0        000ECA
_readleftADC             text5        000D6A
_readrightADC            text4        000D90
_setpoint_distance       dataCOMRAM   00000A
_turnleft90              text2        000D20
_turnright90             text1        000D36
_wait10ms                text3        000DB6
acc@dir                  cstackCOMRAM 000001
end_of_initialization    cinit        000D64
intlevel0                text         000000
intlevel1                text         000000
intlevel2                text         000000
intlevel3                text         000000
isa$std                  (abs)        000001
isa$xinst                (abs)        000000
main@i                   cstackCOMRAM 000008
stackhi                  (abs)        000000
stacklo                  (abs)        000000
start                    init         000000
start_initialization     cinit        000D4C
turnleft90@dur           cstackCOMRAM 000006
turnright90@dur          cstackCOMRAM 000006
wait10ms@c               cstackCOMRAM 000004
wait10ms@del             cstackCOMRAM 000001


MODULE INFORMATION

Module		Function		Class		Link	Load	Size
shared
		__initialization		CODE           	0D4C	0000	24

shared estimated size: 24

everythingcombined.c
		_main          		CODE           	0ECA	0000	310
		_acc           		CODE           	0DF6	0000	90
		_facebeacon    		CODE           	0E50	0000	122
		_turnleft90    		CODE           	0D20	0000	22
		_readleftADC   		CODE           	0D6A	0000	38
		_turnright90   		CODE           	0D36	0000	22
		_wait10ms      		CODE           	0DB6	0000	64
		_readrightADC  		CODE           	0D90	0000	38

everythingcombined.c estimated size: 706

