Microchip MPLAB XC8 Compiler V2.45

Linker command line:

-W-3 --edf=/Applications/microchip/xc8/v2.45/pic/dat/20230818022343_en.msgs \
  -cn -h+dist/default/production/RobotProject.X.production.sym \
  --cmf=dist/default/production/RobotProject.X.production.cmf -z -Q18F2221 \
  -o/tmp/xcD1pt7nt/driver_tmp_3.o --defsym=__MPLAB_BUILD=1 \
  --fixupoverflow=error \
  -Mdist/default/production/RobotProject.X.production.map \
  --md=/tmp/xcD1pt7nt/driver_tmp_0.dat -E1 -ver=XC8 Compiler --acfsm=1493 \
  -ACODE=00h-0FFFh -ACONST=00h-0FFFh -ASMALLCONST=0200h-02FFhx14 \
  -AMEDIUMCONST=0200h-0FFFh -ACOMRAM=01h-07Fh -AABS1=00h-01FFh \
  -ABIGRAM=01h-01FFh -ARAM=080h-0FFh,0100h-01FFh -ABANK0=080h-0FFh \
  -ABANK1=0100h-01FFh -ASFR=0F80h-0FFFh -ABIGSFR=0F80h-0FFFh \
  -ACONFIG=0300000h-030000Dh -AIDLOC=0200000h-0200007h \
  -AEEDATA=0F00000h-0F000FFh -peeprom_data=EEDATA \
  -preset_vec=00h,intcode,intcodelo,powerup,init -pramtop=0200h \
  -psmallconst=SMALLCONST -pmediumconst=MEDIUMCONST -pconst=CONST \
  -AFARRAM=00h-00h \
  -prdata=COMRAM,nvrram=COMRAM,nvbit=COMRAM,rbss=COMRAM,rbit=COMRAM \
  -pfarbss=FARRAM,fardata=FARRAM,nvFARRAM=FARRAM \
  -pintsave_regs=BIGRAM,bigbss=BIGRAM,bigdata=BIGRAM -pbss=RAM \
  -pidata=CODE,irdata=CODE,ibigdata=CODE,ifardata=CODE -prparam=COMRAM \
  /tmp/xcD1pt7nt/driver_tmp_9.o \
  dist/default/production/RobotProject.X.production.o 

Object code version is 3.11

Machine type is 18F2221



                Name                               Link     Load   Length Selector   Space Scale
/tmp/xcD1pt7nt/driver_tmp_9.o
                config                           300000   300000        8        0       4
                init                                  0        0        4        0       0
dist/default/production/RobotProject.X.production.o
                config                           300000   300000        8        0       4
                smallconst                          200      200        2      100       0
                text9                               6B6      6B6       40      101       0
                text8                               650      650       66      101       0
                text7                               5D6      5D6       7A      101       0
                text6                               498      498       C4      101       0
                text5                               55C      55C       7A      101       0
                text4                               742      742       26      101       0
                text3                               71C      71C       26      101       0
                text2                               6F6      6F6       26      101       0
                text1                               202      202      18C      101       0
                text0                               38E      38E      10A      101       0
                cstackCOMRAM                          1        1       1C        1       1
                dataCOMRAM                           1D       1D        2        1       1
                cinit                               768      768       1E      101       0
                idataCOMRAM                         786      786        2      101       0

TOTAL           Name                               Link     Load   Length     Space
        CLASS   CODE           
                init                                  0        0        4         0
                text9                               6B6      6B6       40         0
                text8                               650      650       66         0
                text7                               5D6      5D6       7A         0
                text6                               498      498       C4         0
                text5                               55C      55C       7A         0
                text4                               742      742       26         0
                text3                               71C      71C       26         0
                text2                               6F6      6F6       26         0
                text1                               202      202      18C         0
                text0                               38E      38E      10A         0
                cinit                               768      768       1E         0
                idataCOMRAM                         786      786        2         0

        CLASS   CONST          

        CLASS   SMALLCONST     
                smallconst                          200      200        2         0

        CLASS   MEDIUMCONST    

        CLASS   COMRAM         
                cstackCOMRAM                          1        1       1C         1
                dataCOMRAM                           1D       1D        2         1

        CLASS   ABS1           

        CLASS   BIGRAM         

        CLASS   RAM            

        CLASS   BANK0          

        CLASS   BANK1          

        CLASS   SFR            

        CLASS   BIGSFR         

        CLASS   CONFIG         
                config                           300000   300000        8         4

        CLASS   IDLOC          

        CLASS   EEDATA         

        CLASS   FARRAM         

        CLASS   HEAP           

        CLASS   STACK          



SEGMENTS        Name                           Load    Length   Top    Selector   Space  Class

                reset_vec                      000000  000004  000004         0       0  CODE    
                cstackCOMRAM                   000001  00001E  00001F         1       1  COMRAM  
                text1                          000202  000586  000788       101       0  CODE    
                smallconst                     000200  000002  000202       100       0  SMALLCON


UNUSED ADDRESS RANGES

        Name                Unused          Largest block    Delta
        BANK0            000080-0000FF               80
        BANK1            000100-0001FF              100
        BIGRAM           00001F-0001FF              1E1
        BIGSFR           000F80-000FFF               80
        CODE             000004-0001FF              1FC
                         000788-000FFF              878
        COMRAM           00001F-00007F               61
        CONFIG           300008-30000D                6
        CONST            000004-0001FF              1FC
                         000788-000FFF              878
        EEDATA           F00000-F000FF              100
        IDLOC            200000-200007                8
        MEDIUMCONST      000788-000FFF              878
        RAM              000080-0001FF               80
        SFR              000F80-000FFF               80
        SMALLCONST       000788-000FFF              100

                                  Symbol Table

?___awdiv                cstackCOMRAM 000007
?___wmul                 cstackCOMRAM 000001
?_readleftADC            cstackCOMRAM 000001
?_readrightADC           cstackCOMRAM 000001
_ADCON0                  (abs)        000FC2
_ADCON0bits              (abs)        000FC2
_ADCON1                  (abs)        000FC1
_ADCON2                  (abs)        000FC0
_ADRESH                  (abs)        000FC4
_ADRESL                  (abs)        000FC3
_CCP1CON                 (abs)        000FBD
_CCP2CON                 (abs)        000FBA
_CCPR1L                  (abs)        000FBE
_CCPR2L                  (abs)        000FBB
_LATAbits                (abs)        000F89
_LATB                    (abs)        000F8A
_LATBbits                (abs)        000F8A
_PORTAbits               (abs)        000F80
_PORTCbits               (abs)        000F82
_PR2                     (abs)        000FCB
_T2CON                   (abs)        000FCA
_TRISA                   (abs)        000F92
_TRISB                   (abs)        000F93
_TRISC                   (abs)        000F94
__HRAM                   (abs)        000000
__H__absolute__          __absolute__ 000000
__Habs1                  abs1         000000
__Hbank0                 bank0        000000
__Hbank1                 bank1        000000
__Hbigbss                bigbss       000000
__Hbigdata               bigdata      000000
__Hbigram                bigram       000000
__Hbigsfr                bigsfr       000000
__Hbss                   bss          000000
__Hcinit                 cinit        000000
__Hclrtext               clrtext      000000
__Hcomram                comram       000000
__Hconfig                config       300008
__Hconst                 const        000000
__HcstackCOMRAM          cstackCOMRAM 000000
__Hdata                  data         000000
__HdataCOMRAM            dataCOMRAM   000000
__Heeprom_data           eeprom_data  000000
__Hfarbss                farbss       000000
__Hfardata               fardata      000000
__Hheap                  heap         000000
__Hibigdata              ibigdata     000000
__Hidata                 idata        000000
__HidataCOMRAM           idataCOMRAM  000000
__Hidloc                 idloc        000000
__Hifardata              ifardata     000000
__Hinit                  init         000004
__Hintcode               intcode      000000
__Hintcode_body          intcode_body 000000
__Hintcodelo             intcodelo    000000
__Hintentry              intentry     000000
__Hintret                intret       000000
__Hintsave_regs          intsave_regs 000000
__Hirdata                irdata       000000
__Hmediumconst           mediumconst  000000
__HnvFARRAM              nvFARRAM     000000
__Hnvbit                 nvbit        000000
__Hnvrram                nvrram       000000
__Hparam                 rparam       000000
__Hpowerup               powerup      000000
__Hram                   ram          000000
__Hramtop                ramtop       000200
__Hrbit                  rbit         000000
__Hrbss                  rbss         000000
__Hrdata                 rdata        000000
__Hreset_vec             reset_vec    000000
__Hrparam                rparam       000000
__Hsfr                   sfr          000000
__Hsmallconst            smallconst   000202
__Hspace_0               (abs)        000788
__Hspace_1               (abs)        00001F
__Hspace_2               (abs)        000000
__Hspace_4               (abs)        600008
__Hstack                 stack        000000
__Hstruct                struct       000000
__Htemp                  temp         000000
__Htext                  text         000000
__Htext0                 text0        000000
__Htext1                 text1        000000
__Htext2                 text2        000000
__Htext3                 text3        000000
__Htext4                 text4        000000
__Htext5                 text5        000000
__Htext6                 text6        000000
__Htext7                 text7        000000
__Htext8                 text8        000000
__Htext9                 text9        000000
__LRAM                   (abs)        000001
__L__absolute__          __absolute__ 000000
__Labs1                  abs1         000000
__Lbank0                 bank0        000000
__Lbank1                 bank1        000000
__Lbigbss                bigbss       000000
__Lbigdata               bigdata      000000
__Lbigram                bigram       000000
__Lbigsfr                bigsfr       000000
__Lbss                   bss          000000
__Lcinit                 cinit        000000
__Lclrtext               clrtext      000000
__Lcomram                comram       000000
__Lconfig                config       000000
__Lconst                 const        000000
__LcstackCOMRAM          cstackCOMRAM 000000
__Ldata                  data         000000
__LdataCOMRAM            dataCOMRAM   000000
__Leeprom_data           eeprom_data  000000
__Lfarbss                farbss       000000
__Lfardata               fardata      000000
__Lheap                  heap         000000
__Libigdata              ibigdata     000000
__Lidata                 idata        000000
__LidataCOMRAM           idataCOMRAM  000000
__Lidloc                 idloc        000000
__Lifardata              ifardata     000000
__Linit                  init         000000
__Lintcode               intcode      000000
__Lintcode_body          intcode_body 000000
__Lintcodelo             intcodelo    000000
__Lintentry              intentry     000000
__Lintret                intret       000000
__Lintsave_regs          intsave_regs 000000
__Lirdata                irdata       000000
__Lmediumconst           mediumconst  000000
__LnvFARRAM              nvFARRAM     000000
__Lnvbit                 nvbit        000000
__Lnvrram                nvrram       000000
__Lparam                 rparam       000000
__Lpowerup               powerup      000000
__Lram                   ram          000000
__Lramtop                ramtop       000200
__Lrbit                  rbit         000000
__Lrbss                  rbss         000000
__Lrdata                 rdata        000000
__Lreset_vec             reset_vec    000000
__Lrparam                rparam       000000
__Lsfr                   sfr          000000
__Lsmallconst            smallconst   000200
__Lspace_0               (abs)        000000
__Lspace_1               (abs)        000000
__Lspace_2               (abs)        000000
__Lspace_4               (abs)        000000
__Lstack                 stack        000000
__Lstruct                struct       000000
__Ltemp                  temp         000000
__Ltext                  text         000000
__Ltext0                 text0        000000
__Ltext1                 text1        000000
__Ltext2                 text2        000000
__Ltext3                 text3        000000
__Ltext4                 text4        000000
__Ltext5                 text5        000000
__Ltext6                 text6        000000
__Ltext7                 text7        000000
__Ltext8                 text8        000000
__Ltext9                 text9        000000
__S0                     (abs)        000788
__S1                     (abs)        00001F
__S4                     (abs)        000000
__S5                     (abs)        000000
___awdiv                 text6        000498
___awdiv@counter         cstackCOMRAM 00000B
___awdiv@dividend        cstackCOMRAM 000007
___awdiv@divisor         cstackCOMRAM 000009
___awdiv@quotient        cstackCOMRAM 00000D
___awdiv@sign            cstackCOMRAM 00000C
___heap_hi               (abs)        000000
___heap_lo               (abs)        000000
___inthi_sp              stack        000000
___inthi_stack_hi        stack        000000
___inthi_stack_lo        stack        000000
___intlo_sp              stack        000000
___intlo_stack_hi        stack        000000
___intlo_stack_lo        stack        000000
___param_bank            (abs)        000000
___rparam_used           (abs)        000001
___sp                    stack        000000
___stack_hi              stack        000000
___stack_lo              stack        000000
___wmul                  text2        0006F6
___wmul@multiplicand     cstackCOMRAM 000003
___wmul@multiplier       cstackCOMRAM 000001
___wmul@product          cstackCOMRAM 000005
__accesstop              (abs)        000080
__activetblptr           (abs)        000000
__end_of___awdiv         text6        00055C
__end_of___wmul          text2        00071C
__end_of__initialization cinit        000780
__end_of_acc             text8        0006B6
__end_of_facebeacon      text7        000650
__end_of_flashLEDs       text5        0005D6
__end_of_main            text0        000498
__end_of_readleftADC     text4        000768
__end_of_readrightADC    text3        000742
__end_of_turn            text1        00038E
__end_of_wait10ms        text9        0006F6
__initialization         cinit        000768
__mediumconst            mediumconst  000000
__pcinit                 cinit        000768
__pcstackCOMRAM          cstackCOMRAM 000001
__pdataCOMRAM            dataCOMRAM   00001D
__pidataCOMRAM           idataCOMRAM  000786
__psmallconst            smallconst   000200
__ptext0                 text0        00038E
__ptext1                 text1        000202
__ptext2                 text2        0006F6
__ptext3                 text3        00071C
__ptext4                 text4        000742
__ptext5                 text5        00055C
__ptext6                 text6        000498
__ptext7                 text7        0005D6
__ptext8                 text8        000650
__ptext9                 text9        0006B6
__ramtop                 ramtop       000200
__smallconst             smallconst   000200
_acc                     text8        000650
_facebeacon              text7        0005D6
_flashLEDs               text5        00055C
_main                    text0        00038E
_readleftADC             text4        000742
_readrightADC            text3        00071C
_setpoint_distance       dataCOMRAM   00001D
_turn                    text1        000202
_wait10ms                text9        0006B6
acc@dir                  cstackCOMRAM 000014
acc@dur                  cstackCOMRAM 000016
end_of_initialization    cinit        000780
flashLEDs@dur            cstackCOMRAM 000014
flashLEDs@i              cstackCOMRAM 000016
intlevel0                text         000000
intlevel1                text         000000
intlevel2                text         000000
intlevel3                text         000000
isa$std                  (abs)        000001
isa$xinst                (abs)        000000
stackhi                  (abs)        000000
stacklo                  (abs)        000000
start                    init         000000
start_initialization     cinit        000768
turn@ang                 cstackCOMRAM 000011
turn@count               cstackCOMRAM 00001B
turn@dir                 cstackCOMRAM 00000F
turn@temp                cstackCOMRAM 000015
turn@temp_459            cstackCOMRAM 000017
turn@ticks               cstackCOMRAM 000019
wait10ms@c               cstackCOMRAM 000012
wait10ms@del             cstackCOMRAM 00000F


MODULE INFORMATION

Module		Function		Class		Link	Load	Size
/Applications/microchip/xc8/v2.45/pic/sources/c99/common/Umul16.c
		___wmul        		CODE           	06F6	0000	38

/Applications/microchip/xc8/v2.45/pic/sources/c99/common/Umul16.c estimated size: 38

shared
		__initialization		CODE           	0768	0000	24

shared estimated size: 24

general.c
		_flashLEDs     		CODE           	055C	0000	122
		_turn          		CODE           	0202	0000	396
		_main          		CODE           	038E	0000	266
		_acc           		CODE           	0650	0000	102
		_facebeacon    		CODE           	05D6	0000	122
		_readleftADC   		CODE           	0742	0000	38
		_wait10ms      		CODE           	06B6	0000	64
		_readrightADC  		CODE           	071C	0000	38

general.c estimated size: 1148

/Applications/microchip/xc8/v2.45/pic/sources/c99/common/awdiv.c
		___awdiv       		CODE           	0498	0000	196

/Applications/microchip/xc8/v2.45/pic/sources/c99/common/awdiv.c estimated size: 196

